#-----------------------------------------------------------
# Vivado v2025.1 (64-bit)
# SW Build 6140274 on Thu May 22 00:12:29 MDT 2025
# IP Build 6138677 on Thu May 22 03:10:11 MDT 2025
# SharedData Build 6139179 on Tue May 20 17:58:58 MDT 2025
# Start of session at: Fri Jun 26 17:04:45 2026
# Process ID         : 14836
# Current directory  : C:/Users/sgzmd/Desktop/pocketscope_sim2_0/pocketscope_sim/pocketscope_sim.runs/impl_1
# Command line       : vivado.exe -log top.vdi -applog -product Vivado -messageDb vivado.pb -mode batch -source top.tcl -notrace
# Log file           : C:/Users/sgzmd/Desktop/pocketscope_sim2_0/pocketscope_sim/pocketscope_sim.runs/impl_1/top.vdi
# Journal file       : C:/Users/sgzmd/Desktop/pocketscope_sim2_0/pocketscope_sim/pocketscope_sim.runs/impl_1\vivado.jou
# Running On         : MOSS550W
# Platform           : Windows Server 2016 or Windows 10
# Operating System   : 26200
# Processor Detail   : Intel(R) Core(TM) i9-14900HX
# CPU Frequency      : 2419 MHz
# CPU Physical cores : 24
# CPU Logical cores  : 32
# Host memory        : 34070 MB
# Swap memory        : 9663 MB
# Total Virtual      : 43733 MB
# Available Virtual  : 12416 MB
#-----------------------------------------------------------
source top.tcl -notrace
